// Jest Snapshot v1, https://goo.gl/fbAQLP

exports[`is the component rendering correctly renders fine without crashing 1`] = `
<div>
  <div
    class="forgot-password"
  >
    <h1>
      Reset Password
    </h1>
    <form
      class="ant-form ant-form-horizontal login-form"
    >
      <div
        class="ant-row ant-form-item"
      >
        <div
          class="ant-col ant-form-item-control-wrapper"
        >
          <div
            class="ant-form-item-control"
          >
            <span
              class="ant-form-item-children"
            >
              <span
                class="ant-input-affix-wrapper"
              >
                <span
                  class="ant-input-prefix"
                >
                  <i
                    aria-label="icon: mail"
                    class="anticon anticon-mail"
                    style="color: rgba(0, 0, 0, 0.25);"
                  >
                    <svg
                      aria-hidden="true"
                      class=""
                      data-icon="mail"
                      fill="currentColor"
                      focusable="false"
                      height="1em"
                      viewBox="64 64 896 896"
                      width="1em"
                    >
                      <path
                        d="M928 160H96c-17.7 0-32 14.3-32 32v640c0 17.7 14.3 32 32 32h832c17.7 0 32-14.3 32-32V192c0-17.7-14.3-32-32-32zm-40 110.8V792H136V270.8l-27.6-21.5 39.3-50.5 42.8 33.3h643.1l42.8-33.3 39.3 50.5-27.7 21.5zM833.6 232L512 482 190.4 232l-42.8-33.3-39.3 50.5 27.6 21.5 341.6 265.6a55.99 55.99 0 0 0 68.7 0L888 270.8l27.6-21.5-39.3-50.5-42.7 33.2z"
                      />
                    </svg>
                  </i>
                </span>
                <input
                  class="ant-input"
                  data-__field="[object Object]"
                  data-__meta="[object Object]"
                  id="normal_login_email"
                  name="email"
                  placeholder="Email"
                  setfieldsvalue=""
                  type="text"
                  value=""
                />
              </span>
            </span>
          </div>
        </div>
      </div>
      <div
        class="ant-row ant-form-item"
      >
        <div
          class="ant-col ant-form-item-control-wrapper"
        >
          <div
            class="ant-form-item-control"
          >
            <span
              class="ant-form-item-children"
            >
              <button
                class="ant-btn login-form-button ant-btn-primary"
                type="submit"
              >
                <span>
                  Reset
                </span>
              </button>
            </span>
          </div>
        </div>
      </div>
    </form>
  </div>
</div>
`;
