// Jest Snapshot v1, https://goo.gl/fbAQLP

exports[`renders without crashing 1`] = `
<div>
  <div
    class="formStyle"
  >
    <div
      class="header"
    >
      <a
        href="/"
      >
        <img
          alt="logo"
          src="https://i.imgur.com/tuS7kwh.png"
          width="60px"
        />
      </a>
    </div>
    <div>
      <h1>
        Login
      </h1>
      <form
        class="ant-form ant-form-horizontal login-form"
      >
        <div
          class="ant-row ant-form-item"
        >
          <div
            class="ant-col ant-form-item-control-wrapper"
          >
            <div
              class="ant-form-item-control"
            >
              <span
                class="ant-form-item-children"
              >
                <span
                  class="ant-input-affix-wrapper"
                >
                  <span
                    class="ant-input-prefix"
                  >
                    <i
                      aria-label="icon: mail"
                      class="anticon anticon-mail"
                      style="color: rgba(0, 0, 0, 0.25);"
                    >
                      <svg
                        aria-hidden="true"
                        class=""
                        data-icon="mail"
                        fill="currentColor"
                        focusable="false"
                        height="1em"
                        viewBox="64 64 896 896"
                        width="1em"
                      >
                        <path
                          d="M928 160H96c-17.7 0-32 14.3-32 32v640c0 17.7 14.3 32 32 32h832c17.7 0 32-14.3 32-32V192c0-17.7-14.3-32-32-32zm-40 110.8V792H136V270.8l-27.6-21.5 39.3-50.5 42.8 33.3h643.1l42.8-33.3 39.3 50.5-27.7 21.5zM833.6 232L512 482 190.4 232l-42.8-33.3-39.3 50.5 27.6 21.5 341.6 265.6a55.99 55.99 0 0 0 68.7 0L888 270.8l27.6-21.5-39.3-50.5-42.7 33.2z"
                        />
                      </svg>
                    </i>
                  </span>
                  <input
                    class="ant-input"
                    data-__field="[object Object]"
                    data-__meta="[object Object]"
                    data-testid="email-input"
                    id="normal_login_email"
                    name="email"
                    placeholder="Email"
                    setfieldsvalue=""
                    type="text"
                    value=""
                  />
                </span>
              </span>
            </div>
          </div>
        </div>
        <div
          class="ant-row ant-form-item"
        >
          <div
            class="ant-col ant-form-item-control-wrapper"
          >
            <div
              class="ant-form-item-control"
            >
              <span
                class="ant-form-item-children"
              >
                <span
                  class="ant-input-affix-wrapper"
                >
                  <span
                    class="ant-input-prefix"
                  >
                    <i
                      aria-label="icon: lock"
                      class="anticon anticon-lock"
                      style="color: rgba(0, 0, 0, 0.25);"
                    >
                      <svg
                        aria-hidden="true"
                        class=""
                        data-icon="lock"
                        fill="currentColor"
                        focusable="false"
                        height="1em"
                        viewBox="64 64 896 896"
                        width="1em"
                      >
                        <path
                          d="M832 464h-68V240c0-70.7-57.3-128-128-128H388c-70.7 0-128 57.3-128 128v224h-68c-17.7 0-32 14.3-32 32v384c0 17.7 14.3 32 32 32h640c17.7 0 32-14.3 32-32V496c0-17.7-14.3-32-32-32zM332 240c0-30.9 25.1-56 56-56h248c30.9 0 56 25.1 56 56v224H332V240zm460 600H232V536h560v304zM484 701v53c0 4.4 3.6 8 8 8h40c4.4 0 8-3.6 8-8v-53a48.01 48.01 0 1 0-56 0z"
                        />
                      </svg>
                    </i>
                  </span>
                  <input
                    class="ant-input"
                    data-__field="[object Object]"
                    data-__meta="[object Object]"
                    data-testid="password-input"
                    id="normal_login_password"
                    name="password"
                    placeholder="Password"
                    setfieldsvalue=""
                    type="password"
                    value=""
                  />
                </span>
              </span>
            </div>
          </div>
        </div>
        <div
          class="ant-row ant-form-item"
        >
          <div
            class="ant-col ant-form-item-control-wrapper"
          >
            <div
              class="ant-form-item-control"
            >
              <span
                class="ant-form-item-children"
              >
                <button
                  class="ant-btn login-form-button ant-btn-primary"
                  data-testid="login-button"
                  disabled=""
                  type="submit"
                >
                  <span>
                    Login
                  </span>
                </button>
                Forgot password? 
                <a
                  href="/reset-password"
                >
                  click here to reset! 
                </a>
                Or 
                <a
                  href="/register"
                >
                  register here!
                </a>
                <a
                  class="google-auth"
                  href="https://flashdecks.herokuapp.com/api/auth/google"
                >
                  <img
                    alt="google-icon"
                    class="google-icon"
                    src="https://upload.wikimedia.org/wikipedia/commons/5/53/Google_%22G%22_Logo.svg"
                  />
                  SIGN IN WITH GOOGLE
                </a>
              </span>
            </div>
          </div>
        </div>
      </form>
    </div>
  </div>
</div>
`;
